[2m23:06:18[22m [34m[content][39m Syncing content
[2m23:06:18[22m [34m[content][39m Synced content
[2m23:06:18[22m [34m[types][39m Generated [2m54ms[22m
[2m23:06:18[22m [34m[check][39m Getting diagnostics for Astro files in E:\personal portfolio\Straya Studio...
[96msrc/components/FAQ.astro[0m:[93m6[0m:[93m7[0m - [93mwarning[0m[90m ts(6133): [0m'baseUrl' is declared but its value is never read.

[7m6[0m const baseUrl = import.meta.env.BASE_URL;
[7m [0m [93m      ~~~~~~~[0m
[96msrc/components/FAQ.astro[0m:[93m4[0m:[93m1[0m - [93mwarning[0m[90m ts(6133): [0m'Button' is declared but its value is never read.

[7m4[0m import Button from "./ui/buttons/Button.astro";
[7m [0m [93m~~~~~~~~~~~~~~~~~~~~~~~~~~~~~~~~~~~~~~~~~~~~~~~[0m
[96msrc/components/FAQ.astro[0m:[93m3[0m:[93m1[0m - [93mwarning[0m[90m ts(6133): [0m'SITE_CONFIG' is declared but its value is never read.

[7m3[0m import { SITE_CONFIG } from "../data/site-config";
[7m [0m [93m~~~~~~~~~~~~~~~~~~~~~~~~~~~~~~~~~~~~~~~~~~~~~~~~~~[0m

[96msrc/components/FinalCTA.astro[0m:[93m5[0m:[93m7[0m - [93mwarning[0m[90m ts(6133): [0m'baseUrl' is declared but its value is never read.

[7m5[0m const baseUrl = import.meta.env.BASE_URL;
[7m [0m [93m      ~~~~~~~[0m

[96msrc/components/GlobalSchema.astro[0m:[93m325[0m:[93m9[0m - [93mwarning[0m[90m astro(4000): [0mThis script will be treated as if it has the `is:inline` directive because it contains an attribute. Therefore, features that require processing (e.g. using TypeScript or npm packages in the script) are unavailable.

See docs for more details: https://docs.astro.build/en/guides/client-side-scripts/#script-processing.

Add the `is:inline` directive explicitly to silence this hint.

[7m325[0m <script type="application/ld+json" set:html={JSON.stringify(jsonLd)} />
[7m   [0m [93m        ~~~~[0m

[96msrc/components/Navbar.astro[0m:[93m170[0m:[93m9[0m - [93mwarning[0m[90m ts(6133): [0m'header' is declared but its value is never read.

[7m170[0m   const header = document.getElementById('navbar-header');
[7m   [0m [93m        ~~~~~~[0m

[96msrc/components/Pricing.astro[0m:[93m33[0m:[93m7[0m - [93mwarning[0m[90m ts(6133): [0m'tierLineClass' is declared but its value is never read.

[7m33[0m const tierLineClass = ["w-1/4", "w-1/2", "w-full"];
[7m  [0m [93m      ~~~~~~~~~~~~~[0m

[96msrc/components/ServicesMarquee.astro[0m:[93m505[0m:[93m49[0m - [91merror[0m[90m ts(7006): [0mParameter 'e' implicitly has an 'any' type.

[7m505[0m         root.addEventListener("pointercancel", (e) => {
[7m   [0m [91m                                                ~[0m
[96msrc/components/ServicesMarquee.astro[0m:[93m487[0m:[93m26[0m - [91merror[0m[90m ts(7006): [0mParameter 'e' implicitly has an 'any' type.

[7m487[0m         function endDrag(e) {
[7m   [0m [91m                         ~[0m
[96msrc/components/ServicesMarquee.astro[0m:[93m471[0m:[93m47[0m - [91merror[0m[90m ts(7006): [0mParameter 'e' implicitly has an 'any' type.

[7m471[0m         root.addEventListener("pointermove", (e) => {
[7m   [0m [91m                                              ~[0m
[96msrc/components/ServicesMarquee.astro[0m:[93m458[0m:[93m47[0m - [91merror[0m[90m ts(7006): [0mParameter 'e' implicitly has an 'any' type.

[7m458[0m         root.addEventListener("pointerdown", (e) => {
[7m   [0m [91m                                              ~[0m
[96msrc/components/ServicesMarquee.astro[0m:[93m386[0m:[93m43[0m - [91merror[0m[90m ts(7006): [0mParameter 'events' implicitly has an 'any' type.

[7m386[0m         function sampleVelocityFromEvents(events) {
[7m   [0m [91m                                          ~~~~~~[0m
[96msrc/components/ServicesMarquee.astro[0m:[93m381[0m:[93m29[0m - [91merror[0m[90m ts(7006): [0mParameter 'v' implicitly has an 'any' type.

[7m381[0m         function clampSpeed(v) {
[7m   [0m [91m                            ~[0m
[96msrc/components/ServicesMarquee.astro[0m:[93m344[0m:[93m34[0m - [91merror[0m[90m ts(7006): [0mParameter 'root' implicitly has an 'any' type.

[7m344[0m     function initServicesMarquee(root) {
[7m   [0m [91m                                 ~~~~[0m
[96msrc/components/ServicesMarquee.astro[0m:[93m323[0m:[93m25[0m - [91merror[0m[90m ts(7006): [0mParameter 'm' implicitly has an 'any' type.

[7m323[0m     function wrapMod(x, m) {
[7m   [0m [91m                        ~[0m
[96msrc/components/ServicesMarquee.astro[0m:[93m323[0m:[93m22[0m - [91merror[0m[90m ts(7006): [0mParameter 'x' implicitly has an 'any' type.

[7m323[0m     function wrapMod(x, m) {
[7m   [0m [91m                     ~[0m
[96msrc/components/ServicesMarquee.astro[0m:[93m317[0m:[93m25[0m - [91merror[0m[90m ts(7006): [0mParameter 'el' implicitly has an 'any' type.

[7m317[0m     function parseGapPx(el) {
[7m   [0m [91m                        ~~[0m
[96msrc/components/ServicesMarquee.astro[0m:[93m368[0m:[93m13[0m - [93mwarning[0m[90m ts(6133): [0m'lastT' is declared but its value is never read.

[7m368[0m         let lastT = 0;
[7m   [0m [93m            ~~~~~[0m
[96msrc/components/ServicesMarquee.astro[0m:[93m367[0m:[93m13[0m - [93mwarning[0m[90m ts(6133): [0m'lastX' is declared but its value is never read.

[7m367[0m         let lastX = 0;
[7m   [0m [93m            ~~~~~[0m
[96msrc/components/ServicesMarquee.astro[0m:[93m339[0m:[93m11[0m - [93mwarning[0m[90m ts(6133): [0m'VELOCITY_SMOOTH' is declared but its value is never read.

[7m339[0m     const VELOCITY_SMOOTH = 0.65;
[7m   [0m [93m          ~~~~~~~~~~~~~~~[0m

[96msrc/components/TheStrayaMethod.astro[0m:[93m75[0m:[93m26[0m - [93mwarning[0m[90m ts(6133): [0m'i' is declared but its value is never read.

[7m75[0m         steps.map((step, i) => (
[7m  [0m [93m                         ~[0m

[96msrc/pages/contact.astro[0m:[93m117[0m:[93m11[0m - [93mwarning[0m[90m astro(4000): [0mThis script will be treated as if it has the `is:inline` directive because it contains an attribute. Therefore, features that require processing (e.g. using TypeScript or npm packages in the script) are unavailable.

See docs for more details: https://docs.astro.build/en/guides/client-side-scripts/#script-processing.

Add the `is:inline` directive explicitly to silence this hint.

[7m117[0m   <script type="application/ld+json" set:html={JSON.stringify(breadcrumbSchema)} />
[7m   [0m [93m          ~~~~[0m
[96msrc/pages/contact.astro[0m:[93m116[0m:[93m11[0m - [93mwarning[0m[90m astro(4000): [0mThis script will be treated as if it has the `is:inline` directive because it contains an attribute. Therefore, features that require processing (e.g. using TypeScript or npm packages in the script) are unavailable.

See docs for more details: https://docs.astro.build/en/guides/client-side-scripts/#script-processing.

Add the `is:inline` directive explicitly to silence this hint.

[7m116[0m   <script type="application/ld+json" set:html={JSON.stringify(pageSchema)} />
[7m   [0m [93m          ~~~~[0m

[96msrc/pages/index.astro[0m:[93m74[0m:[93m10[0m - [93mwarning[0m[90m astro(4000): [0mThis script will be treated as if it has the `is:inline` directive because it contains an attribute. Therefore, features that require processing (e.g. using TypeScript or npm packages in the script) are unavailable.

See docs for more details: https://docs.astro.build/en/guides/client-side-scripts/#script-processing.

Add the `is:inline` directive explicitly to silence this hint.

[7m74[0m  <script type="application/ld+json" set:html={JSON.stringify(pageSchema)} />
[7m  [0m [93m         ~~~~[0m

[96msrc/pages/styleguide.astro[0m:[93m275[0m:[93m22[0m - [91merror[0m[90m ts(7006): [0mParameter 'mode' implicitly has an 'any' type.

[7m275[0m   const applyElev = (mode) => {
[7m   [0m [91m                     ~~~~[0m
[96msrc/pages/styleguide.astro[0m:[93m264[0m:[93m27[0m - [91merror[0m[90m ts(2339): [0mProperty 'closest' does not exist on type 'EventTarget'.

[7m264[0m     const btn = e.target?.closest?.("[data-copy-value]");
[7m   [0m [91m                          ~~~~~~~[0m
[96msrc/pages/styleguide.astro[0m:[93m248[0m:[93m27[0m - [91merror[0m[90m ts(7006): [0mParameter 'text' implicitly has an 'any' type.

[7m248[0m   const copyText = async (text) => {
[7m   [0m [91m                          ~~~~[0m
[96msrc/pages/styleguide.astro[0m:[93m258[0m:[93m16[0m - [93mwarning[0m[90m ts(6387): [0mThe signature '(commandId: string, showUI?: boolean | undefined, value?: string | undefined): boolean' of 'document.execCommand' is deprecated.

[7m258[0m       document.execCommand("copy");
[7m   [0m [93m               ~~~~~~~~~~~[0m

[96msrc/pages/testimonials.astro[0m:[93m144[0m:[93m21[0m - [91merror[0m[90m ts(2322): [0mType '{ children: any; key: string; class: string; width: string; height: string; viewBox: string; fill: string; "aria-hidden": "true"; }' is not assignable to type 'SVGAttributes'.
  Property 'key' does not exist on type 'SVGAttributes'.

[7m144[0m                     key={`${t.name}-${i}`}
[7m   [0m [91m                    ~~~[0m
[96msrc/pages/testimonials.astro[0m:[93m63[0m:[93m5[0m - [91merror[0m[90m ts(2339): [0mProperty 'avatar' does not exist on type 'TestimonialsPageTestimonial'.

[7m63[0m   t.avatar ?? `${baseUrl}images/testimonials/${toSlug(t.name)}.webp`;
[7m  [0m [91m    ~~~~~~[0m
[96msrc/pages/testimonials.astro[0m:[93m202[0m:[93m11[0m - [93mwarning[0m[90m astro(4000): [0mThis script will be treated as if it has the `is:inline` directive because it contains an attribute. Therefore, features that require processing (e.g. using TypeScript or npm packages in the script) are unavailable.

See docs for more details: https://docs.astro.build/en/guides/client-side-scripts/#script-processing.

Add the `is:inline` directive explicitly to silence this hint.

[7m202[0m   <script type="application/ld+json" set:html={JSON.stringify(breadcrumbSchema)} />
[7m   [0m [93m          ~~~~[0m
[96msrc/pages/testimonials.astro[0m:[93m201[0m:[93m11[0m - [93mwarning[0m[90m astro(4000): [0mThis script will be treated as if it has the `is:inline` directive because it contains an attribute. Therefore, features that require processing (e.g. using TypeScript or npm packages in the script) are unavailable.

See docs for more details: https://docs.astro.build/en/guides/client-side-scripts/#script-processing.

Add the `is:inline` directive explicitly to silence this hint.

[7m201[0m   <script type="application/ld+json" set:html={JSON.stringify(pageSchema)} />
[7m   [0m [93m          ~~~~[0m

Result (37 files): 
- 15 errors
- 0 warnings
- 17 hints

